// Jest Snapshot v1, https://goo.gl/fbAQLP

exports[`fetchNonComplianceFindings should make entities and relationships correctly 1`] = `
Array [
  Object {
    "_class": Array [
      "Finding",
    ],
    "_key": "7b521133-f056-40a9-b639-b76afd67e4bb_6aa605f0-744e-4ae1-8031-c6564624c89b_683dbff1-c8ff-4996-91ae-85484de46cfc",
    "_rawData": Array [
      Object {
        "name": "default",
        "rawData": Object {
          "complianceGracePeriodExpirationDateTime": "2021-02-17T19:13:41.8113Z",
          "deviceDisplayName": "[REDACTED]",
          "deviceModel": null,
          "id": "7b521133-f056-40a9-b639-b76afd67e4bb_6aa605f0-744e-4ae1-8031-c6564624c89b_683dbff1-c8ff-4996-91ae-85484de46cfc",
          "lastReportedDateTime": "2021-03-01T16:23:39.1872164Z",
          "status": "error",
          "userName": "[REDACTED]",
          "userPrincipalName": "[REDACTED]",
        },
      },
    ],
    "_type": "intune_noncompliance_finding",
    "active": undefined,
    "assessment": "Test configuration policy",
    "category": "endpoint",
    "createdOn": undefined,
    "displayName": "Latest finding from Test configuration policy",
    "id": "7b521133-f056-40a9-b639-b76afd67e4bb_6aa605f0-744e-4ae1-8031-c6564624c89b_683dbff1-c8ff-4996-91ae-85484de46cfc",
    "lastProcessedOn": 1614615819187,
    "lastTestedOn": 1614615819187,
    "lastUpdatedOn": 1614615819187,
    "name": "Latest finding from Test configuration policy",
    "numericSeverity": 6,
    "open": true,
    "severity": "medium",
    "status": "error",
  },
]
`;

exports[`fetchNonComplianceFindings should make entities and relationships correctly: deviceDeviceConfigurationRelationships 1`] = `
Array [
  Object {
    "_class": "HAS",
    "_fromEntityKey": "683dbff1-c8ff-4996-91ae-85484de46cfc",
    "_key": "683dbff1-c8ff-4996-91ae-85484de46cfc|has|7b521133-f056-40a9-b639-b76afd67e4bb_6aa605f0-744e-4ae1-8031-c6564624c89b_683dbff1-c8ff-4996-91ae-85484de46cfc",
    "_toEntityKey": "7b521133-f056-40a9-b639-b76afd67e4bb_6aa605f0-744e-4ae1-8031-c6564624c89b_683dbff1-c8ff-4996-91ae-85484de46cfc",
    "_type": "intune_managed_device_has_noncompliance_finding",
    "displayName": "HAS",
  },
]
`;

exports[`fetchNonComplianceFindings should make entities and relationships correctly: noncomplianceFindingDeviceConfigurationRelationships 1`] = `
Array [
  Object {
    "_class": "IDENTIFIED",
    "_fromEntityKey": "6aa605f0-744e-4ae1-8031-c6564624c89b",
    "_key": "6aa605f0-744e-4ae1-8031-c6564624c89b|identified|7b521133-f056-40a9-b639-b76afd67e4bb_6aa605f0-744e-4ae1-8031-c6564624c89b_683dbff1-c8ff-4996-91ae-85484de46cfc",
    "_toEntityKey": "7b521133-f056-40a9-b639-b76afd67e4bb_6aa605f0-744e-4ae1-8031-c6564624c89b_683dbff1-c8ff-4996-91ae-85484de46cfc",
    "_type": "intune_device_configuration_identified_noncompliance_finding",
    "displayName": "IDENTIFIED",
  },
]
`;

exports[`fetchNonComplianceFindings should make entities and relationships correctly: noncomplianceFindingDeviceRelationships 1`] = `
Array [
  Object {
    "_class": "USES",
    "_fromEntityKey": "683dbff1-c8ff-4996-91ae-85484de46cfc",
    "_key": "683dbff1-c8ff-4996-91ae-85484de46cfc|uses|6aa605f0-744e-4ae1-8031-c6564624c89b",
    "_toEntityKey": "6aa605f0-744e-4ae1-8031-c6564624c89b",
    "_type": "intune_managed_device_uses_device_configuration",
    "displayName": "USES",
  },
]
`;
